Registering user: user_1764036943562
Register success: {"message":"User registered successfully","user":{"id":"9672c720-e7f5-4767-8baa-0d6cb2d9a890","username":"user_1764036943562","role":"USER"}}
Waiting 1s before login...
Logging in...
Login success
Getting profile...
Profile: {"id":"9672c720-e7f5-4767-8baa-0d6cb2d9a890","username":"user_1764036943562","name":"Test User","email":"user_1764036943562@example.com","role":"USER","phone":"010-1234-5678","created_at":"2025-11-25T02:15:43.983Z"}
Creating club...
Club created: {"message":"동호회 개설 완료!","club":{"id":"9d5a732a-7973-497c-9a30-f8cb4ab4ee46","owner_user_id":"9672c720-e7f5-4767-8baa-0d6cb2d9a890","name":"Club 1764036945384","explain":"This is a test club","attachment_id":null,"region_code":"SEOUL_GANGNAM","location":null,"sport_id":1,"days_of_week":[0,6],"start_time":"10:00:00","end_time":"12:00:00","capacity_min":5,"capacity_max":20,"level_min":1,"level_max":5,"rating_avg":"0.00","created_at":"2025-11-25T02:15:45.476Z","coaching":true}}
Listing clubs...
Found 3 clubs
Creating flash meetup...
Flash created: {"message":"번개 생성 완료!","flash":{"id":"8e9ed78d-c39d-498a-ba49-591c67b03f0f","name":"Flash 1764036945715","description":"Quick run","attachment_id":null,"host_user_id":"9672c720-e7f5-4767-8baa-0d6cb2d9a890","sport_id":5,"region_code":"SEOUL_MAPO","place_text":null,"level":1,"capacity_min":3,"capacity_max":10,"days_of_week":[],"start_at":"2025-11-26T02:15:45.714Z","end_at":"2025-11-26T04:15:45.714Z","start_time":"19:00:00","end_time":"21:00:00","status":"DRAFT","created_at":"2025-11-25T02:15:45.802Z"}}
Listing flashes...
Found 2 flashes
Updating profile...
Profile updated: {"id":"ee5f6a4c-bd44-4e4c-9a20-064b737babd9","user_id":"9672c720-e7f5-4767-8baa-0d6cb2d9a890","gender":"M","age":25,"region_code":"SEOUL_GANGNAM","level":"중급","sports":[1,2],"badge_summary":null,"updated_at":"2025-11-25T02:15:46.000Z"}
Checking Admin Dashboard...
Admin Dashboard: {"users":18,"clubs":3,"flashes":2}
